
> next-app@0.1.0 dev
> next dev

▲ Next.js 16.2.6 (Turbopack)
- Local:         http://localhost:3000
- Network:       http://192.168.0.2:3000
✓ Ready in 502ms

○ Compiling / ...
 GET / 200 in 5.2s (next.js: 4.8s, application-code: 395ms)
[browser] WebSocket Error: [object Event]
    at LiveSplitProvider.useCallback[connect] (src/contexts/LiveSplitContext.tsx:51:15)
  49 |
  50 |     socket.onerror = (error) => {
> 51 |       console.error('WebSocket Error:', error);
     |               ^
  52 |       socket.close();
  53 |     };
  54 | (src/contexts/LiveSplitContext.tsx:51:15)
[browser] WebSocket Error: [object Event]
    at LiveSplitProvider.useCallback[connect] (src/contexts/LiveSplitContext.tsx:51:15)
  49 |
  50 |     socket.onerror = (error) => {
> 51 |       console.error('WebSocket Error:', error);
     |               ^
  52 |       socket.close();
  53 |     };
  54 | (src/contexts/LiveSplitContext.tsx:51:15)
[browser] WebSocket Error: [object Event]
    at LiveSplitProvider.useCallback[connect] (src/contexts/LiveSplitContext.tsx:51:15)
  49 |
  50 |     socket.onerror = (error) => {
> 51 |       console.error('WebSocket Error:', error);
     |               ^
  52 |       socket.close();
  53 |     };
  54 | (src/contexts/LiveSplitContext.tsx:51:15)
[browser] WebSocket Error: [object Event]
    at LiveSplitProvider.useCallback[connect] (src/contexts/LiveSplitContext.tsx:51:15)
  49 |
  50 |     socket.onerror = (error) => {
> 51 |       console.error('WebSocket Error:', error);
     |               ^
  52 |       socket.close();
  53 |     };
  54 | (src/contexts/LiveSplitContext.tsx:51:15)
[browser] WebSocket Error: [object Event]
    at LiveSplitProvider.useCallback[connect] (src/contexts/LiveSplitContext.tsx:51:15)
  49 |
  50 |     socket.onerror = (error) => {
> 51 |       console.error('WebSocket Error:', error);
     |               ^
  52 |       socket.close();
  53 |     };
  54 | (src/contexts/LiveSplitContext.tsx:51:15)
[browser] WebSocket Error: [object Event]
    at LiveSplitProvider.useCallback[connect] (src/contexts/LiveSplitContext.tsx:51:15)
  49 |
  50 |     socket.onerror = (error) => {
> 51 |       console.error('WebSocket Error:', error);
     |               ^
  52 |       socket.close();
  53 |     };
  54 | (src/contexts/LiveSplitContext.tsx:51:15)
[browser] WebSocket Error: [object Event]
    at LiveSplitProvider.useCallback[connect] (src/contexts/LiveSplitContext.tsx:51:15)
  49 |
  50 |     socket.onerror = (error) => {
> 51 |       console.error('WebSocket Error:', error);
     |               ^
  52 |       socket.close();
  53 |     };
  54 | (src/contexts/LiveSplitContext.tsx:51:15)
[browser] WebSocket Error: [object Event]
    at LiveSplitProvider.useCallback[connect] (src/contexts/LiveSplitContext.tsx:51:15)
  49 |
  50 |     socket.onerror = (error) => {
> 51 |       console.error('WebSocket Error:', error);
     |               ^
  52 |       socket.close();
  53 |     };
  54 | (src/contexts/LiveSplitContext.tsx:51:15)
[browser] WebSocket Error: [object Event]
    at LiveSplitProvider.useCallback[connect] (src/contexts/LiveSplitContext.tsx:51:15)
  49 |
  50 |     socket.onerror = (error) => {
> 51 |       console.error('WebSocket Error:', error);
     |               ^
  52 |       socket.close();
  53 |     };
  54 | (src/contexts/LiveSplitContext.tsx:51:15)
[browser] WebSocket Error: [object Event]
    at LiveSplitProvider.useCallback[connect] (src/contexts/LiveSplitContext.tsx:51:15)
  49 |
  50 |     socket.onerror = (error) => {
> 51 |       console.error('WebSocket Error:', error);
     |               ^
  52 |       socket.close();
  53 |     };
  54 | (src/contexts/LiveSplitContext.tsx:51:15)
[browser] WebSocket Error: [object Event]
    at LiveSplitProvider.useCallback[connect] (src/contexts/LiveSplitContext.tsx:51:15)
  49 |
  50 |     socket.onerror = (error) => {
> 51 |       console.error('WebSocket Error:', error);
     |               ^
  52 |       socket.close();
  53 |     };
  54 | (src/contexts/LiveSplitContext.tsx:51:15)
[browser] WebSocket Error: [object Event]
    at LiveSplitProvider.useCallback[connect] (src/contexts/LiveSplitContext.tsx:51:15)
  49 |
  50 |     socket.onerror = (error) => {
> 51 |       console.error('WebSocket Error:', error);
     |               ^
  52 |       socket.close();
  53 |     };
  54 | (src/contexts/LiveSplitContext.tsx:51:15)
 GET / 200 in 67ms (next.js: 7ms, application-code: 60ms)
[browser] WebSocket Error: [object Event]
    at LiveSplitProvider.useCallback[connect] (src/contexts/LiveSplitContext.tsx:51:15)
  49 |
  50 |     socket.onerror = (error) => {
> 51 |       console.error('WebSocket Error:', error);
     |               ^
  52 |       socket.close();
  53 |     };
  54 | (src/contexts/LiveSplitContext.tsx:51:15)
[browser] WebSocket Error: [object Event]
    at LiveSplitProvider.useCallback[connect] (src/contexts/LiveSplitContext.tsx:51:15)
  49 |
  50 |     socket.onerror = (error) => {
> 51 |       console.error('WebSocket Error:', error);
     |               ^
  52 |       socket.close();
  53 |     };
  54 | (src/contexts/LiveSplitContext.tsx:51:15)
[browser] WebSocket Error: [object Event]
    at LiveSplitProvider.useCallback[connect] (src/contexts/LiveSplitContext.tsx:51:15)
  49 |
  50 |     socket.onerror = (error) => {
> 51 |       console.error('WebSocket Error:', error);
     |               ^
  52 |       socket.close();
  53 |     };
  54 | (src/contexts/LiveSplitContext.tsx:51:15)
[browser] WebSocket Error: [object Event]
    at LiveSplitProvider.useCallback[connect] (src/contexts/LiveSplitContext.tsx:51:15)
  49 |
  50 |     socket.onerror = (error) => {
> 51 |       console.error('WebSocket Error:', error);
     |               ^
  52 |       socket.close();
  53 |     };
  54 | (src/contexts/LiveSplitContext.tsx:51:15)
[browser] WebSocket Error: [object Event]
    at LiveSplitProvider.useCallback[connect] (src/contexts/LiveSplitContext.tsx:51:15)
  49 |
  50 |     socket.onerror = (error) => {
> 51 |       console.error('WebSocket Error:', error);
     |               ^
  52 |       socket.close();
  53 |     };
  54 | (src/contexts/LiveSplitContext.tsx:51:15)
[browser] WebSocket Error: [object Event]
    at LiveSplitProvider.useCallback[connect] (src/contexts/LiveSplitContext.tsx:51:15)
  49 |
  50 |     socket.onerror = (error) => {
> 51 |       console.error('WebSocket Error:', error);
     |               ^
  52 |       socket.close();
  53 |     };
  54 | (src/contexts/LiveSplitContext.tsx:51:15)
[browser] WebSocket Error: [object Event]
    at LiveSplitProvider.useCallback[connect] (src/contexts/LiveSplitContext.tsx:51:15)
  49 |
  50 |     socket.onerror = (error) => {
> 51 |       console.error('WebSocket Error:', error);
     |               ^
  52 |       socket.close();
  53 |     };
  54 | (src/contexts/LiveSplitContext.tsx:51:15)
[browser] WebSocket Error: [object Event]
    at LiveSplitProvider.useCallback[connect] (src/contexts/LiveSplitContext.tsx:51:15)
  49 |
  50 |     socket.onerror = (error) => {
> 51 |       console.error('WebSocket Error:', error);
     |               ^
  52 |       socket.close();
  53 |     };
  54 | (src/contexts/LiveSplitContext.tsx:51:15)
[browser] WebSocket Error: [object Event]
    at LiveSplitProvider.useCallback[connect] (src/contexts/LiveSplitContext.tsx:51:15)
  49 |
  50 |     socket.onerror = (error) => {
> 51 |       console.error('WebSocket Error:', error);
     |               ^
  52 |       socket.close();
  53 |     };
  54 | (src/contexts/LiveSplitContext.tsx:51:15)
[browser] WebSocket Error: [object Event]
    at LiveSplitProvider.useCallback[connect] (src/contexts/LiveSplitContext.tsx:51:15)
  49 |
  50 |     socket.onerror = (error) => {
> 51 |       console.error('WebSocket Error:', error);
     |               ^
  52 |       socket.close();
  53 |     };
  54 | (src/contexts/LiveSplitContext.tsx:51:15)
[browser] WebSocket Error: [object Event]
    at LiveSplitProvider.useCallback[connect] (src/contexts/LiveSplitContext.tsx:51:15)
  49 |
  50 |     socket.onerror = (error) => {
> 51 |       console.error('WebSocket Error:', error);
     |               ^
  52 |       socket.close();
  53 |     };
  54 | (src/contexts/LiveSplitContext.tsx:51:15)
[browser] WebSocket Error: [object Event]
    at LiveSplitProvider.useCallback[connect] (src/contexts/LiveSplitContext.tsx:51:15)
  49 |
  50 |     socket.onerror = (error) => {
> 51 |       console.error('WebSocket Error:', error);
     |               ^
  52 |       socket.close();
  53 |     };
  54 | (src/contexts/LiveSplitContext.tsx:51:15)
 GET / 200 in 56ms (next.js: 4ms, application-code: 53ms)
[browser] WebSocket Error: [object Event]
    at LiveSplitProvider.useCallback[connect] (src/contexts/LiveSplitContext.tsx:51:15)
  49 |
  50 |     socket.onerror = (error) => {
> 51 |       console.error('WebSocket Error:', error);
     |               ^
  52 |       socket.close();
  53 |     };
  54 | (src/contexts/LiveSplitContext.tsx:51:15)
[browser] WebSocket Error: [object Event]
    at LiveSplitProvider.useCallback[connect] (src/contexts/LiveSplitContext.tsx:51:15)
  49 |
  50 |     socket.onerror = (error) => {
> 51 |       console.error('WebSocket Error:', error);
     |               ^
  52 |       socket.close();
  53 |     };
  54 | (src/contexts/LiveSplitContext.tsx:51:15)
[browser] WebSocket Error: [object Event]
    at LiveSplitProvider.useCallback[connect] (src/contexts/LiveSplitContext.tsx:51:15)
  49 |
  50 |     socket.onerror = (error) => {
> 51 |       console.error('WebSocket Error:', error);
     |               ^
  52 |       socket.close();
  53 |     };
  54 | (src/contexts/LiveSplitContext.tsx:51:15)
 GET / 200 in 57ms (next.js: 4ms, application-code: 54ms)
[browser] WebSocket Error: [object Event]
    at LiveSplitProvider.useCallback[connect] (src/contexts/LiveSplitContext.tsx:51:15)
  49 |
  50 |     socket.onerror = (error) => {
> 51 |       console.error('WebSocket Error:', error);
     |               ^
  52 |       socket.close();
  53 |     };
  54 | (src/contexts/LiveSplitContext.tsx:51:15)
[browser] WebSocket Error: [object Event]
    at LiveSplitProvider.useCallback[connect] (src/contexts/LiveSplitContext.tsx:51:15)
  49 |
  50 |     socket.onerror = (error) => {
> 51 |       console.error('WebSocket Error:', error);
     |               ^
  52 |       socket.close();
  53 |     };
  54 | (src/contexts/LiveSplitContext.tsx:51:15)
[browser] WebSocket Error: [object Event]
    at LiveSplitProvider.useCallback[connect] (src/contexts/LiveSplitContext.tsx:51:15)
  49 |
  50 |     socket.onerror = (error) => {
> 51 |       console.error('WebSocket Error:', error);
     |               ^
  52 |       socket.close();
  53 |     };
  54 | (src/contexts/LiveSplitContext.tsx:51:15)
 GET / 200 in 57ms (next.js: 4ms, application-code: 53ms)
[browser] WebSocket Error: [object Event]
    at LiveSplitProvider.useCallback[connect] (src/contexts/LiveSplitContext.tsx:51:15)
  49 |
  50 |     socket.onerror = (error) => {
> 51 |       console.error('WebSocket Error:', error);
     |               ^
  52 |       socket.close();
  53 |     };
  54 | (src/contexts/LiveSplitContext.tsx:51:15)
[browser] WebSocket Error: [object Event]
    at LiveSplitProvider.useCallback[connect] (src/contexts/LiveSplitContext.tsx:51:15)
  49 |
  50 |     socket.onerror = (error) => {
> 51 |       console.error('WebSocket Error:', error);
     |               ^
  52 |       socket.close();
  53 |     };
  54 | (src/contexts/LiveSplitContext.tsx:51:15)
[browser] WebSocket Error: [object Event]
    at LiveSplitProvider.useCallback[connect] (src/contexts/LiveSplitContext.tsx:51:15)
  49 |
  50 |     socket.onerror = (error) => {
> 51 |       console.error('WebSocket Error:', error);
     |               ^
  52 |       socket.close();
  53 |     };
  54 | (src/contexts/LiveSplitContext.tsx:51:15)
 GET / 200 in 67ms (next.js: 4ms, application-code: 63ms)
[browser] WebSocket Error: [object Event]
    at LiveSplitProvider.useCallback[connect] (src/contexts/LiveSplitContext.tsx:51:15)
  49 |
  50 |     socket.onerror = (error) => {
> 51 |       console.error('WebSocket Error:', error);
     |               ^
  52 |       socket.close();
  53 |     };
  54 | (src/contexts/LiveSplitContext.tsx:51:15)
[browser] WebSocket Error: [object Event]
    at LiveSplitProvider.useCallback[connect] (src/contexts/LiveSplitContext.tsx:51:15)
  49 |
  50 |     socket.onerror = (error) => {
> 51 |       console.error('WebSocket Error:', error);
     |               ^
  52 |       socket.close();
  53 |     };
  54 | (src/contexts/LiveSplitContext.tsx:51:15)
[browser] WebSocket Error: [object Event]
    at LiveSplitProvider.useCallback[connect] (src/contexts/LiveSplitContext.tsx:51:15)
  49 |
  50 |     socket.onerror = (error) => {
> 51 |       console.error('WebSocket Error:', error);
     |               ^
  52 |       socket.close();
  53 |     };
  54 | (src/contexts/LiveSplitContext.tsx:51:15)
 GET / 200 in 51ms (next.js: 3ms, application-code: 48ms)
[browser] WebSocket Error: [object Event]
    at LiveSplitProvider.useCallback[connect] (src/contexts/LiveSplitContext.tsx:51:15)
  49 |
  50 |     socket.onerror = (error) => {
> 51 |       console.error('WebSocket Error:', error);
     |               ^
  52 |       socket.close();
  53 |     };
  54 | (src/contexts/LiveSplitContext.tsx:51:15)
[browser] WebSocket Error: [object Event]
    at LiveSplitProvider.useCallback[connect] (src/contexts/LiveSplitContext.tsx:51:15)
  49 |
  50 |     socket.onerror = (error) => {
> 51 |       console.error('WebSocket Error:', error);
     |               ^
  52 |       socket.close();
  53 |     };
  54 | (src/contexts/LiveSplitContext.tsx:51:15)
[browser] WebSocket Error: [object Event]
    at LiveSplitProvider.useCallback[connect] (src/contexts/LiveSplitContext.tsx:51:15)
  49 |
  50 |     socket.onerror = (error) => {
> 51 |       console.error('WebSocket Error:', error);
     |               ^
  52 |       socket.close();
  53 |     };
  54 | (src/contexts/LiveSplitContext.tsx:51:15)
 GET / 200 in 321ms (next.js: 119ms, application-code: 202ms)
[browser] WebSocket Error: [object Event]
    at LiveSplitProvider.useCallback[connect] (src/contexts/LiveSplitContext.tsx:78:15)
  76 |
  77 |     socket.onerror = (error) => {
> 78 |       console.error('WebSocket Error:', error);
     |               ^
  79 |       socket.close();
  80 |     };
  81 | (src/contexts/LiveSplitContext.tsx:78:15)
[browser] WebSocket Error: [object Event]
    at LiveSplitProvider.useCallback[connect] (src/contexts/LiveSplitContext.tsx:78:15)
  76 |
  77 |     socket.onerror = (error) => {
> 78 |       console.error('WebSocket Error:', error);
     |               ^
  79 |       socket.close();
  80 |     };
  81 | (src/contexts/LiveSplitContext.tsx:78:15)
[browser] WebSocket Error: [object Event]
    at LiveSplitProvider.useCallback[connect] (src/contexts/LiveSplitContext.tsx:78:15)
  76 |
  77 |     socket.onerror = (error) => {
> 78 |       console.error('WebSocket Error:', error);
     |               ^
  79 |       socket.close();
  80 |     };
  81 | (src/contexts/LiveSplitContext.tsx:78:15)
